1, 4, 3
1, 2, 5
1, 3, 4
2, 3, 5
2, 2, 3
2, 4, 4
3, 2, 4
3, 3, 3
3, 4, 5
4, 3, 5
4, 2, 4
4, 4, 3
